// Jest Snapshot v1, https://goo.gl/fbAQLP

exports[`Convert mongodb://mongodb0.example.com:27017/admin 1`] = `
Object {
  "after": "mongodb://mongodb0.example.com:27017/admin",
  "before": "mongodb://mongodb0.example.com:27017/admin",
}
`;

exports[`Convert mongodb://myDBReader:D1fficultP%40ssw0rd@mongodb0.example.com:27017/admin 1`] = `
Object {
  "after": "mongodb://myDBReader:D1fficultP%40ssw0rd@mongodb0.example.com:27017/admin",
  "before": "mongodb://myDBReader:D1fficultP%40ssw0rd@mongodb0.example.com:27017/admin",
}
`;

exports[`Convert mysql://user@localhost:3333 1`] = `
Object {
  "after": "mysql://user@localhost:3333",
  "before": "mysql://user@localhost:3333",
}
`;

exports[`Convert mysql://user@localhost:3333/dbname 1`] = `
Object {
  "after": "mysql://user@localhost:3333/dbname",
  "before": "mysql://user@localhost:3333/dbname",
}
`;

exports[`Convert postgresql:// 1`] = `
Object {
  "after": "postgresql://",
  "before": "postgresql://",
}
`;

exports[`Convert postgresql://localhost 1`] = `
Object {
  "after": "postgresql://localhost",
  "before": "postgresql://localhost",
}
`;

exports[`Convert postgresql://localhost/mydb 1`] = `
Object {
  "after": "postgresql://localhost/mydb",
  "before": "postgresql://localhost/mydb",
}
`;

exports[`Convert postgresql://localhost:5433 1`] = `
Object {
  "after": "postgresql://localhost:5433",
  "before": "postgresql://localhost:5433",
}
`;

exports[`Convert postgresql://other@localhost/otherdb?schema=my_schema&connect_timeout=10&application_name=myapp 1`] = `
Object {
  "after": "postgresql://other@localhost/otherdb?schema=my_schema",
  "before": "postgresql://other@localhost/otherdb?schema=my_schema&connect_timeout=10&application_name=myapp",
}
`;

exports[`Convert postgresql://user:secret@localhost 1`] = `
Object {
  "after": "postgresql://user:secret@localhost",
  "before": "postgresql://user:secret@localhost",
}
`;

exports[`Convert postgresql://user@localhost 1`] = `
Object {
  "after": "postgresql://user@localhost",
  "before": "postgresql://user@localhost",
}
`;
